// Jest Snapshot v1, https://goo.gl/fbAQLP

exports[`Featured should match the snapshot 1`] = `
ShallowWrapper {
  Symbol(enzyme.__root__): [Circular],
  Symbol(enzyme.__unrendered__): <Featured
    data={
      Array [
        Object {},
        Object {
          "youtube": "ZYvvhOzYx_4",
        },
      ]
    }
  />,
  Symbol(enzyme.__renderer__): Object {
    "batchedUpdates": [Function],
    "getNode": [Function],
    "render": [Function],
    "simulateError": [Function],
    "simulateEvent": [Function],
    "unmount": [Function],
  },
  Symbol(enzyme.__node__): Object {
    "instance": null,
    "key": undefined,
    "nodeType": "host",
    "props": Object {
      "children": <iframe
        allow="accelerometer; autoplay; encrypted-media; gyroscope; picture-in-picture"
        allowFullScreen={true}
        frameBorder="0"
        height="100%"
        src="https://www.youtube.com/embed/ZYvvhOzYx_4?autoplay=0"
        title="featured-video"
        width="100%"
      />,
      "className": "Featured",
    },
    "ref": null,
    "rendered": Object {
      "instance": null,
      "key": undefined,
      "nodeType": "host",
      "props": Object {
        "allow": "accelerometer; autoplay; encrypted-media; gyroscope; picture-in-picture",
        "allowFullScreen": true,
        "frameBorder": "0",
        "height": "100%",
        "src": "https://www.youtube.com/embed/ZYvvhOzYx_4?autoplay=0",
        "title": "featured-video",
        "width": "100%",
      },
      "ref": null,
      "rendered": null,
      "type": "iframe",
    },
    "type": "nav",
  },
  Symbol(enzyme.__nodes__): Array [
    Object {
      "instance": null,
      "key": undefined,
      "nodeType": "host",
      "props": Object {
        "children": <iframe
          allow="accelerometer; autoplay; encrypted-media; gyroscope; picture-in-picture"
          allowFullScreen={true}
          frameBorder="0"
          height="100%"
          src="https://www.youtube.com/embed/ZYvvhOzYx_4?autoplay=0"
          title="featured-video"
          width="100%"
        />,
        "className": "Featured",
      },
      "ref": null,
      "rendered": Object {
        "instance": null,
        "key": undefined,
        "nodeType": "host",
        "props": Object {
          "allow": "accelerometer; autoplay; encrypted-media; gyroscope; picture-in-picture",
          "allowFullScreen": true,
          "frameBorder": "0",
          "height": "100%",
          "src": "https://www.youtube.com/embed/ZYvvhOzYx_4?autoplay=0",
          "title": "featured-video",
          "width": "100%",
        },
        "ref": null,
        "rendered": null,
        "type": "iframe",
      },
      "type": "nav",
    },
  ],
  Symbol(enzyme.__options__): Object {
    "adapter": ReactSixteenAdapter {
      "options": Object {
        "enableComponentDidUpdateOnSetState": true,
        "lifecycles": Object {
          "componentDidUpdate": Object {
            "onSetState": true,
          },
          "getDerivedStateFromProps": true,
          "getSnapshotBeforeUpdate": true,
          "setState": Object {
            "skipsComponentDidUpdateOnNullish": true,
          },
        },
      },
    },
  },
}
`;
