// Jest Snapshot v1, https://goo.gl/fbAQLP

exports[`LandingPage should match the snapshot 1`] = `
ShallowWrapper {
  Symbol(enzyme.__root__): [Circular],
  Symbol(enzyme.__unrendered__): <LandingPage
    createPopUp={[MockFunction]}
    games={
      Array [
        Object {
          "challenge_level": "average",
          "description": "Don't Be a Loser is a fun party game where you don't have to win but you just don't want to be the BIG LOSER! This game is easy to play and designed with social situations in mind, allowing players to freely leave and come back without interrupting the game!",
          "expansion_pack": false,
          "game": "Don't Be A Loser",
          "genre_ID": Array [
            6,
            11,
            13,
          ],
          "img": "https://cdn.shopify.com/s/files/1/1911/5793/products/DBAL-main-photo-box_350x.jpg?v=1512623523",
          "max_players": 10,
          "min_age": 13,
          "min_players": 4,
          "number_of_minutes": "30",
          "publisher": "All Over The Board",
          "youtube": "ZYvvhOzYx_4",
        },
      ]
    }
    genres={
      Array [
        "Strategy",
        "Family",
      ]
    }
    popUpGenreID={1}
    popUpInfo={null}
  />,
  Symbol(enzyme.__renderer__): Object {
    "batchedUpdates": [Function],
    "getNode": [Function],
    "render": [Function],
    "simulateError": [Function],
    "simulateEvent": [Function],
    "unmount": [Function],
  },
  Symbol(enzyme.__node__): Object {
    "instance": null,
    "key": undefined,
    "nodeType": "host",
    "props": Object {
      "children": Array [
        <Featured
          data={
            Array [
              Object {
                "challenge_level": "average",
                "description": "Don't Be a Loser is a fun party game where you don't have to win but you just don't want to be the BIG LOSER! This game is easy to play and designed with social situations in mind, allowing players to freely leave and come back without interrupting the game!",
                "expansion_pack": false,
                "game": "Don't Be A Loser",
                "genre_ID": Array [
                  6,
                  11,
                  13,
                ],
                "img": "https://cdn.shopify.com/s/files/1/1911/5793/products/DBAL-main-photo-box_350x.jpg?v=1512623523",
                "max_players": 10,
                "min_age": 13,
                "min_players": 4,
                "number_of_minutes": "30",
                "publisher": "All Over The Board",
                "youtube": "ZYvvhOzYx_4",
              },
            ]
          }
        />,
        Array [
          <div>
            <Carousel
              createPopUp={[MockFunction]}
              genre="Strategy"
              matchingGames={Array []}
              popUpInfo={false}
            />
          </div>,
          <div>
            <Carousel
              createPopUp={[MockFunction]}
              genre="Family"
              matchingGames={Array []}
              popUpInfo={false}
            />
          </div>,
        ],
      ],
      "className": "LandingPage",
    },
    "ref": null,
    "rendered": Array [
      Object {
        "instance": null,
        "key": undefined,
        "nodeType": "class",
        "props": Object {
          "data": Array [
            Object {
              "challenge_level": "average",
              "description": "Don't Be a Loser is a fun party game where you don't have to win but you just don't want to be the BIG LOSER! This game is easy to play and designed with social situations in mind, allowing players to freely leave and come back without interrupting the game!",
              "expansion_pack": false,
              "game": "Don't Be A Loser",
              "genre_ID": Array [
                6,
                11,
                13,
              ],
              "img": "https://cdn.shopify.com/s/files/1/1911/5793/products/DBAL-main-photo-box_350x.jpg?v=1512623523",
              "max_players": 10,
              "min_age": 13,
              "min_players": 4,
              "number_of_minutes": "30",
              "publisher": "All Over The Board",
              "youtube": "ZYvvhOzYx_4",
            },
          ],
        },
        "ref": null,
        "rendered": null,
        "type": [Function],
      },
      Object {
        "instance": null,
        "key": "Strategy",
        "nodeType": "host",
        "props": Object {
          "children": <Carousel
            createPopUp={[MockFunction]}
            genre="Strategy"
            matchingGames={Array []}
            popUpInfo={false}
          />,
        },
        "ref": null,
        "rendered": Object {
          "instance": null,
          "key": undefined,
          "nodeType": "class",
          "props": Object {
            "closePopUp": undefined,
            "createPopUp": [MockFunction],
            "genre": "Strategy",
            "matchingGames": Array [],
            "popUpInfo": false,
          },
          "ref": null,
          "rendered": null,
          "type": [Function],
        },
        "type": "div",
      },
      Object {
        "instance": null,
        "key": "Family",
        "nodeType": "host",
        "props": Object {
          "children": <Carousel
            createPopUp={[MockFunction]}
            genre="Family"
            matchingGames={Array []}
            popUpInfo={false}
          />,
        },
        "ref": null,
        "rendered": Object {
          "instance": null,
          "key": undefined,
          "nodeType": "class",
          "props": Object {
            "closePopUp": undefined,
            "createPopUp": [MockFunction],
            "genre": "Family",
            "matchingGames": Array [],
            "popUpInfo": false,
          },
          "ref": null,
          "rendered": null,
          "type": [Function],
        },
        "type": "div",
      },
    ],
    "type": "div",
  },
  Symbol(enzyme.__nodes__): Array [
    Object {
      "instance": null,
      "key": undefined,
      "nodeType": "host",
      "props": Object {
        "children": Array [
          <Featured
            data={
              Array [
                Object {
                  "challenge_level": "average",
                  "description": "Don't Be a Loser is a fun party game where you don't have to win but you just don't want to be the BIG LOSER! This game is easy to play and designed with social situations in mind, allowing players to freely leave and come back without interrupting the game!",
                  "expansion_pack": false,
                  "game": "Don't Be A Loser",
                  "genre_ID": Array [
                    6,
                    11,
                    13,
                  ],
                  "img": "https://cdn.shopify.com/s/files/1/1911/5793/products/DBAL-main-photo-box_350x.jpg?v=1512623523",
                  "max_players": 10,
                  "min_age": 13,
                  "min_players": 4,
                  "number_of_minutes": "30",
                  "publisher": "All Over The Board",
                  "youtube": "ZYvvhOzYx_4",
                },
              ]
            }
          />,
          Array [
            <div>
              <Carousel
                createPopUp={[MockFunction]}
                genre="Strategy"
                matchingGames={Array []}
                popUpInfo={false}
              />
            </div>,
            <div>
              <Carousel
                createPopUp={[MockFunction]}
                genre="Family"
                matchingGames={Array []}
                popUpInfo={false}
              />
            </div>,
          ],
        ],
        "className": "LandingPage",
      },
      "ref": null,
      "rendered": Array [
        Object {
          "instance": null,
          "key": undefined,
          "nodeType": "class",
          "props": Object {
            "data": Array [
              Object {
                "challenge_level": "average",
                "description": "Don't Be a Loser is a fun party game where you don't have to win but you just don't want to be the BIG LOSER! This game is easy to play and designed with social situations in mind, allowing players to freely leave and come back without interrupting the game!",
                "expansion_pack": false,
                "game": "Don't Be A Loser",
                "genre_ID": Array [
                  6,
                  11,
                  13,
                ],
                "img": "https://cdn.shopify.com/s/files/1/1911/5793/products/DBAL-main-photo-box_350x.jpg?v=1512623523",
                "max_players": 10,
                "min_age": 13,
                "min_players": 4,
                "number_of_minutes": "30",
                "publisher": "All Over The Board",
                "youtube": "ZYvvhOzYx_4",
              },
            ],
          },
          "ref": null,
          "rendered": null,
          "type": [Function],
        },
        Object {
          "instance": null,
          "key": "Strategy",
          "nodeType": "host",
          "props": Object {
            "children": <Carousel
              createPopUp={[MockFunction]}
              genre="Strategy"
              matchingGames={Array []}
              popUpInfo={false}
            />,
          },
          "ref": null,
          "rendered": Object {
            "instance": null,
            "key": undefined,
            "nodeType": "class",
            "props": Object {
              "closePopUp": undefined,
              "createPopUp": [MockFunction],
              "genre": "Strategy",
              "matchingGames": Array [],
              "popUpInfo": false,
            },
            "ref": null,
            "rendered": null,
            "type": [Function],
          },
          "type": "div",
        },
        Object {
          "instance": null,
          "key": "Family",
          "nodeType": "host",
          "props": Object {
            "children": <Carousel
              createPopUp={[MockFunction]}
              genre="Family"
              matchingGames={Array []}
              popUpInfo={false}
            />,
          },
          "ref": null,
          "rendered": Object {
            "instance": null,
            "key": undefined,
            "nodeType": "class",
            "props": Object {
              "closePopUp": undefined,
              "createPopUp": [MockFunction],
              "genre": "Family",
              "matchingGames": Array [],
              "popUpInfo": false,
            },
            "ref": null,
            "rendered": null,
            "type": [Function],
          },
          "type": "div",
        },
      ],
      "type": "div",
    },
  ],
  Symbol(enzyme.__options__): Object {
    "adapter": ReactSixteenAdapter {
      "options": Object {
        "enableComponentDidUpdateOnSetState": true,
        "lifecycles": Object {
          "componentDidUpdate": Object {
            "onSetState": true,
          },
          "getDerivedStateFromProps": true,
          "getSnapshotBeforeUpdate": true,
          "setState": Object {
            "skipsComponentDidUpdateOnNullish": true,
          },
        },
      },
    },
  },
}
`;
